// Jest Snapshot v1, https://goo.gl/fbAQLP

exports[`User password reset page should load 1`] = `
<div
  className="container"
>
  <h3>
    Email/Token invalid or token has expired. Please retry password reset request.
  </h3>
</div>
`;
